BadTypeReference.java:39:9: compiler.err.illegal.ref.to.var.type: var
BadTypeReference.java:40:21: compiler.err.illegal.ref.to.var.type: var
2 errors
